error: unknown attribute argument, expected `rename_all = "..."`
 --> tests/compile_fail/from_str/enum_unknown_attribute.rs:2:12
  |
2 | #[from_str(unknown = "unknown")]
  |            ^^^^^^^
